// Jest Snapshot v1, https://goo.gl/fbAQLP

exports[`Pages AuthService login 1`] = `
Array [
  Array [
    "/login",
    Object {
      "body": undefined,
      "headers": Object {
        "Accept": "application/json",
        "Content-Type": "application/json",
      },
      "method": "POST",
    },
  ],
]
`;
